
Allocating common symbols
Common symbol       size              file

losc_enter_ss       0x4               drivers/soc/allwinner/pm/standby/main.o

Memory Configuration

Name             Origin             Length             Attributes
*default*        0x00000000         0xffffffff

Linker script and memory map

                0x00000000                __standby_start = .

.text           0xf0000000     0x4a64
 drivers/soc/allwinner/pm/standby/main.o(.text.startup)
 *(.text)
 .text          0xf0000000      0x3d0 drivers/soc/allwinner/pm/standby/main.o
                0xf0000000                standby_main
 .text          0xf00003d0       0x80 drivers/soc/allwinner/pm/standby/common.o
                0xf00003d0                standby_memcpy
 .text          0xf0000450      0x46c drivers/soc/allwinner/pm/standby/standby_twi.o
                0xf0000500                standby_twi_init
                0xf000054c                standby_twi_init_losc
                0xf0000564                standby_twi_exit
                0xf0000598                twi_byte_rw
 .text          0xf00008bc      0x364 drivers/soc/allwinner/pm/standby/power/axp_power.o
                0xf00008bc                find_info
                0xf0000910                axp_set_volt
                0xf0000a08                axp_get_volt
                0xf0000aac                axp_get_state
                0xf0000b40                __twi_byte_update
                0xf0000bb4                axp_set_state
 .text          0xf0000c20      0x224 drivers/soc/allwinner/pm/standby/power/axp15_power.o
                0xf0000c20                axp15_losc_enter_ss
                0xf0000c74                axp15_set_volt
                0xf0000c88                axp15_get_volt
                0xf0000c98                axp15_set_state
                0xf0000cac                axp15_get_state
                0xf0000cbc                __axp15_set_wakeup
                0xf0000d9c                axp15_suspend_calc
 .text          0xf0000e44      0x25c drivers/soc/allwinner/pm/standby/power/axp22_power.o
                0xf0000e44                axp22_losc_enter_ss
                0xf0000ef0                axp22_set_volt
                0xf0000f04                axp22_get_volt
                0xf0000f14                axp22_set_state
                0xf0000f28                axp22_get_state
                0xf0000f38                __axp22_set_wakeup
                0xf0000f98                axp22_suspend_calc
 .text          0xf00010a0      0x1f8 drivers/soc/allwinner/pm/standby/power/axp20_power.o
                0xf00010a0                axp20_losc_enter_ss
                0xf00010f4                axp20_set_volt
                0xf0001108                axp20_get_volt
                0xf0001118                axp20_set_state
                0xf000112c                axp20_get_state
                0xf000113c                __axp20_set_wakeup
                0xf0001190                axp20_suspend_calc
 .text          0xf0001298      0x648 drivers/soc/allwinner/pm/standby/power/standby_power.o
                0xf0001438                power_enter_super_calc
                0xf00015e8                dm_suspend
                0xf0001820                dm_resume
 .text          0xf00018e0      0x508 drivers/soc/allwinner/pm/standby/standby_clock.o
                0xf00018e0                standby_clk_init
                0xf00018fc                standby_clk_exit
                0xf0001904                standby_clk_core2losc
                0xf0001924                standby_clk_core2hosc
                0xf000194c                standby_clk_core2pll
                0xf0001974                standby_clk_plldisable
                0xf00019ac                standby_clk_pllenable
                0xf00019e4                standby_clk_hoscdisable
                0xf0001a34                standby_clk_hoscenable
                0xf0001a80                standby_clk_ldodisable
                0xf0001a9c                standby_clk_ldoenable
                0xf0001ab8                standby_clk_setdiv
                0xf0001b64                standby_clk_getdiv
                0xf0001c00                standby_clk_set_pll_factor
                0xf0001c50                standby_clk_get_pll_factor
                0xf0001c9c                standby_clk_apb2losc
                0xf0001cc0                standby_clk_apb2hosc
                0xf0001ce8                standby_clk_bus_src_backup
                0xf0001d0c                standby_clk_bus_src_set
                0xf0001d34                standby_clk_bus_src_restore
                0xf0001d58                standby_clk_dramgating
                0xf0001d7c                standby_clk_get_cpu_freq
 .text          0xf0001de8      0x12c drivers/soc/allwinner/pm/standby/standby_debug.o
                0xf0001de8                mem_status_init
                0xf0001dec                mem_status_init_nommu
                0xf0001df0                mem_status_clear
                0xf0001e10                mem_status_exit
                0xf0001e14                save_mem_status
                0xf0001e3c                get_mem_status
                0xf0001e4c                show_mem_status
                0xf0001e84                save_mem_status_nommu
                0xf0001ea4                save_cpux_mem_status_nommu
                0xf0001ec4                save_super_flags
                0xf0001eec                save_super_addr
 .text          0xf0001f14      0x1dc drivers/soc/allwinner/pm/standby/standby_divlib.o
                0xf0001f14                standby_delay
                0xf0001f3c                standby_delay_cycle
                0xf0001f48                Ldiv0
                0xf0001f58                __aeabi_uidiv
                0xf0001ff4                __aeabi_idiv
                0xf00020c0                __aeabi_uidivmod
                0xf00020d8                __aeabi_idivmod
 .text          0xf00020f0       0x64 drivers/soc/allwinner/pm/standby/standby_dram.o
                0xf00020f0                standby_dram_crc_enable
                0xf00020f8                standby_dram_crc
 *fill*         0xf0002154        0xc 00
 .text          0xf0002160      0x4e0 drivers/soc/allwinner/pm/standby/./../mem_mmu_pc_asm.o
                0xf0002160                save_sp
                0xf000216c                save_sp_nommu
                0xf0002178                restore_sp
                0xf0002180                get_sp
                0xf0002190                get_cur_cluster_id
                0xf00021a0                invalidate_dcache
                0xf0002234                invalidate_icache
                0xf000224c                flush_dcache
                0xf00022e8                flush_icache
                0xf000230c                disable_cache
                0xf000232c                disable_dcache
                0xf0002348                disable_icache
                0xf0002364                disable_l2cache
                0xf0002380                enable_cache
                0xf00023a0                enable_icache
                0xf00023bc                invalidate_branch_predictor
                0xf00023d4                disable_program_flow_prediction
                0xf00023f0                enable_program_flow_prediction
                0xf000240c                mem_flush_tlb
                0xf0002430                mem_preload_tlb
                0xf00024cc                disable_mmu
                0xf00024f4                enable_mmu
                0xf0002534                jump_to_suspend
                0xf0002550                jump_to_resume
                0xf0002570                jump_to_resume0
                0xf0002580                jump_to_resume0_nommu
                0xf00025b0                disable_prefetch
                0xf00025d0                restore_prefetch
 .text          0xf0002640       0x58 drivers/soc/allwinner/pm/standby/./../mem_divlibc.o
                0xf0002640                __mem_div0
                0xf000264c                raw_lib_udiv
 .text          0xf0002698      0x2f4 drivers/soc/allwinner/pm/standby/./../mem_clk.o
                0xf0002698                mem_clk_init
                0xf00026c8                mem_get_ba
                0xf00026d8                mem_clk_save
                0xf0002714                mem_clk_restore
                0xf0002748                mem_clk_setdiv
                0xf00027bc                mem_clk_getdiv
                0xf0002804                mem_clk_set_pll_factor
                0xf0002858                mem_clk_get_pll_factor
                0xf00028a0                mem_clk_set_misc
                0xf00028f0                mem_clk_get_misc
                0xf0002920                mem_clk_get_cpu_freq
 .text          0xf000298c      0x25c drivers/soc/allwinner/pm/standby/./../mem_timing.o
                0xf0002a04                init_perfcounters
                0xf0002a38                backup_perfcounter
                0xf0002a54                restore_perfcounter
                0xf0002a78                get_cyclecount
                0xf0002a80                reset_counter
                0xf0002a90                change_runtime_env
                0xf0002ac4                delay_us
                0xf0002b4c                delay_ms
                0xf0002b80                init_event_counter
                0xf0002bac                set_event_counter
                0xf0002bcc                get_event_counter
 .text          0xf0002be8      0x4e0 drivers/soc/allwinner/pm/standby/./../mem_serial.o
                0xf0002ca8                serial_exit
                0xf0002cdc                serial_init_nommu
                0xf0002d7c                serial_puts_nommu
                0xf0002e2c                serial_gets_nommu
                0xf0002eb8                serial_init_manager
                0xf0002ecc                serial_exit_manager
                0xf0002ee0                serial_init
                0xf0002f8c                serial_puts
                0xf000303c                serial_gets
 .text          0xf00030c8      0x66c drivers/soc/allwinner/pm/standby/./../mem_printk.o
                0xf000326c                strlen
                0xf0003298                strcpy
                0xf00032b4                strncpy
                0xf00032e0                strcat
                0xf0003320                strncat
                0xf00033e4                strcmp
                0xf0003414                strncmp
                0xf000348c                printk_nommu
 .text          0xf0003734       0x20 drivers/soc/allwinner/pm/standby/./../pm_debug.o
                0xf0003734                busy_waiting
 .text          0xf0003754     0x11f0 drivers/soc/allwinner/pm/standby/dram/sun8iw11p1/mctl_standby-sun8iw11.o
                0xf0003754                dram_udelay
                0xf000376c                dram_enable_all_master
                0xf0003784                dram_disable_all_master
                0xf000379c                bit_delay_compensation_standby
                0xf0003864                set_master_priority_standby
                0xf0003a14                auto_cal_timing_standby
                0xf0003a40                auto_set_timing_para_standby
                0xf0003bb4                ccm_set_pll_ddr1_sscg_standby
                0xf0003cb4                ccm_set_pll_ddr0_sscg_standby
                0xf0003dac                ccm_set_pll_ddr0_clk_standby
                0xf0003eb4                ccm_set_pll_ddr1_clk_standby
                0xf0003f7c                mctl_sys_init_standby
                0xf0004104                mctl_com_init_standby
                0xf000415c                mctl_channel_init_standby
                0xf0004538                mctl_core_init_standby
                0xf0004564                init_DRAM_standby
                0xf00046dc                dram_power_save_process
                0xf0004938                dram_power_up_process
 *(.rodata)
 .rodata        0xf0004944        0xc drivers/soc/allwinner/pm/standby/standby_twi.o
 .rodata        0xf0004950       0xb8 drivers/soc/allwinner/pm/standby/power/axp15_power.o
 .rodata        0xf0004a08       0x28 drivers/soc/allwinner/pm/standby/power/axp22_power.o
 .rodata        0xf0004a30       0x28 drivers/soc/allwinner/pm/standby/power/axp20_power.o
 .rodata        0xf0004a58        0xc drivers/soc/allwinner/pm/standby/./../mem_serial.o

.rodata.str1.4  0xf0004a64      0x5e4
 .rodata.str1.4
                0xf0004a64       0x3b drivers/soc/allwinner/pm/standby/main.o
                                 0x3c (size before relaxing)
 *fill*         0xf0004a9f        0x1 00
 .rodata.str1.4
                0xf0004aa0       0x77 drivers/soc/allwinner/pm/standby/standby_twi.o
                                 0x78 (size before relaxing)
 *fill*         0xf0004b17        0x1 00
 .rodata.str1.4
                0xf0004b18       0x55 drivers/soc/allwinner/pm/standby/power/axp15_power.o
                                 0x58 (size before relaxing)
 *fill*         0xf0004b6d        0x3 00
 .rodata.str1.4
                0xf0004b70       0x7d drivers/soc/allwinner/pm/standby/power/axp22_power.o
                                 0xc4 (size before relaxing)
 *fill*         0xf0004bed        0x3 00
 .rodata.str1.4
                0xf0004bf0       0x97 drivers/soc/allwinner/pm/standby/power/axp20_power.o
                                 0x98 (size before relaxing)
 *fill*         0xf0004c87        0x1 00
 .rodata.str1.4
                0xf0004c88      0x231 drivers/soc/allwinner/pm/standby/power/standby_power.o
                                0x234 (size before relaxing)
 *fill*         0xf0004eb9        0x3 00
 .rodata.str1.4
                0xf0004ebc       0x17 drivers/soc/allwinner/pm/standby/standby_debug.o
                                 0x18 (size before relaxing)
 *fill*         0xf0004ed3        0x1 00
 .rodata.str1.4
                0xf0004ed4       0x1f drivers/soc/allwinner/pm/standby/standby_dram.o
                                 0x20 (size before relaxing)
 *fill*         0xf0004ef3        0x1 00
 .rodata.str1.4
                0xf0004ef4       0x1a drivers/soc/allwinner/pm/standby/./../mem_divlibc.o
                                 0x1c (size before relaxing)
 *fill*         0xf0004f0e        0x2 00
 .rodata.str1.4
                0xf0004f10       0x25 drivers/soc/allwinner/pm/standby/./../mem_printk.o
                                 0x28 (size before relaxing)
 *fill*         0xf0004f35        0x3 00
 .rodata.str1.4
                0xf0004f38      0x110 drivers/soc/allwinner/pm/standby/dram/sun8iw11p1/mctl_standby-sun8iw11.o

.glue_7         0xf0005048        0x0
 .glue_7        0x00000000        0x0 linker stubs

.glue_7t        0xf0005048        0x0
 .glue_7t       0x00000000        0x0 linker stubs

.vfp11_veneer   0xf0005048        0x0
 .vfp11_veneer  0x00000000        0x0 linker stubs

.v4_bx          0xf0005048        0x0
 .v4_bx         0x00000000        0x0 linker stubs

.iplt           0xf0005048        0x0
 .iplt          0x00000000        0x0 drivers/soc/allwinner/pm/standby/main.o

.text.unlikely  0xf0005048      0x268
 .text.unlikely
                0xf0005048      0x268 drivers/soc/allwinner/pm/standby/./../mem_printk.o
                0xf0005048                printk

.rel.dyn        0xf00052b0        0x0
 .rel.iplt      0x00000000        0x0 drivers/soc/allwinner/pm/standby/main.o

.data           0xf00052b0      0x6ac
 *(.data)
 .data          0xf00052b0        0x0 drivers/soc/allwinner/pm/standby/main.o
 .data          0xf00052b0        0x0 drivers/soc/allwinner/pm/standby/common.o
 .data          0xf00052b0        0x0 drivers/soc/allwinner/pm/standby/standby_twi.o
 .data          0xf00052b0        0x0 drivers/soc/allwinner/pm/standby/power/axp_power.o
 .data          0xf00052b0      0x1f0 drivers/soc/allwinner/pm/standby/power/axp15_power.o
                0xf00052b0                axp15_dev_info
 .data          0xf00054a0      0x37c drivers/soc/allwinner/pm/standby/power/axp22_power.o
                0xf00054a0                axp22_dev_info
 .data          0xf000581c      0x140 drivers/soc/allwinner/pm/standby/power/axp20_power.o
                0xf000581c                axp20_dev_info
 .data          0xf000595c        0x0 drivers/soc/allwinner/pm/standby/power/standby_power.o
 .data          0xf000595c        0x0 drivers/soc/allwinner/pm/standby/standby_clock.o
 .data          0xf000595c        0x0 drivers/soc/allwinner/pm/standby/standby_debug.o
 .data          0xf000595c        0x0 drivers/soc/allwinner/pm/standby/standby_divlib.o
 .data          0xf000595c        0x0 drivers/soc/allwinner/pm/standby/standby_dram.o
 .data          0xf000595c        0x0 drivers/soc/allwinner/pm/standby/./../mem_mmu_pc_asm.o
 .data          0xf000595c        0x0 drivers/soc/allwinner/pm/standby/./../mem_divlibc.o
 .data          0xf000595c        0x0 drivers/soc/allwinner/pm/standby/./../mem_clk.o
 .data          0xf000595c        0x0 drivers/soc/allwinner/pm/standby/./../mem_timing.o
 .data          0xf000595c        0x0 drivers/soc/allwinner/pm/standby/./../mem_serial.o
 .data          0xf000595c        0x0 drivers/soc/allwinner/pm/standby/./../mem_printk.o
 .data          0xf000595c        0x0 drivers/soc/allwinner/pm/standby/./../pm_debug.o
 .data          0xf000595c        0x0 drivers/soc/allwinner/pm/standby/dram/sun8iw11p1/mctl_standby-sun8iw11.o
                0xf000595c                __bss_start = .

.igot.plt       0xf000595c        0x0
 .igot.plt      0x00000000        0x0 drivers/soc/allwinner/pm/standby/main.o

.bss            0xf000595c      0x674
 *(.sbss)
 *(.scommon)
 *(.bss)
 .bss           0xf000595c      0x320 drivers/soc/allwinner/pm/standby/main.o
 .bss           0xf0005c7c        0x0 drivers/soc/allwinner/pm/standby/common.o
 .bss           0xf0005c7c        0xc drivers/soc/allwinner/pm/standby/standby_twi.o
 .bss           0xf0005c88        0x0 drivers/soc/allwinner/pm/standby/power/axp_power.o
 .bss           0xf0005c88        0x2 drivers/soc/allwinner/pm/standby/power/axp15_power.o
 .bss           0xf0005c8a        0x2 drivers/soc/allwinner/pm/standby/power/axp22_power.o
 .bss           0xf0005c8c        0x2 drivers/soc/allwinner/pm/standby/power/axp20_power.o
 *fill*         0xf0005c8e        0x2 00
 .bss           0xf0005c90       0x60 drivers/soc/allwinner/pm/standby/power/standby_power.o
 .bss           0xf0005cf0       0x1c drivers/soc/allwinner/pm/standby/standby_clock.o
 .bss           0xf0005d0c        0x0 drivers/soc/allwinner/pm/standby/standby_debug.o
 .bss           0xf0005d0c        0x0 drivers/soc/allwinner/pm/standby/standby_divlib.o
 .bss           0xf0005d0c        0x0 drivers/soc/allwinner/pm/standby/standby_dram.o
 .bss           0xf0005d0c        0x0 drivers/soc/allwinner/pm/standby/./../mem_mmu_pc_asm.o
 .bss           0xf0005d0c        0x0 drivers/soc/allwinner/pm/standby/./../mem_divlibc.o
 .bss           0xf0005d0c        0xc drivers/soc/allwinner/pm/standby/./../mem_clk.o
 .bss           0xf0005d18       0x10 drivers/soc/allwinner/pm/standby/./../mem_timing.o
 .bss           0xf0005d28       0x14 drivers/soc/allwinner/pm/standby/./../mem_serial.o
 .bss           0xf0005d3c      0x100 drivers/soc/allwinner/pm/standby/./../mem_printk.o
 .bss           0xf0005e3c        0x0 drivers/soc/allwinner/pm/standby/./../pm_debug.o
 .bss           0xf0005e3c      0x190 drivers/soc/allwinner/pm/standby/dram/sun8iw11p1/mctl_standby-sun8iw11.o
 *(COMMON)
 COMMON         0xf0005fcc        0x4 drivers/soc/allwinner/pm/standby/main.o
                0xf0005fcc                losc_enter_ss
                0xf0005fd0                __bss_end = .
                0xf0005fd0                __standby_end = .
LOAD drivers/soc/allwinner/pm/standby/common.o
LOAD drivers/soc/allwinner/pm/standby/standby_twi.o
LOAD drivers/soc/allwinner/pm/standby/power/axp_power.o
LOAD drivers/soc/allwinner/pm/standby/power/axp15_power.o
LOAD drivers/soc/allwinner/pm/standby/power/axp22_power.o
LOAD drivers/soc/allwinner/pm/standby/power/axp20_power.o
LOAD drivers/soc/allwinner/pm/standby/power/standby_power.o
LOAD drivers/soc/allwinner/pm/standby/standby_clock.o
LOAD drivers/soc/allwinner/pm/standby/standby_debug.o
LOAD drivers/soc/allwinner/pm/standby/standby_divlib.o
LOAD drivers/soc/allwinner/pm/standby/standby_dram.o
LOAD drivers/soc/allwinner/pm/standby/./../mem_mmu_pc_asm.o
LOAD drivers/soc/allwinner/pm/standby/./../mem_divlibc.o
LOAD drivers/soc/allwinner/pm/standby/./../mem_clk.o
LOAD drivers/soc/allwinner/pm/standby/./../mem_timing.o
LOAD drivers/soc/allwinner/pm/standby/./../mem_serial.o
LOAD drivers/soc/allwinner/pm/standby/./../mem_printk.o
LOAD drivers/soc/allwinner/pm/standby/./../pm_debug.o
LOAD drivers/soc/allwinner/pm/standby/main.o
LOAD drivers/soc/allwinner/pm/standby/dram/sun8iw11p1/mctl_standby-sun8iw11.o
OUTPUT(drivers/soc/allwinner/pm/standby/standby.elf elf32-littlearm)

.debug_info     0x00000000     0xe990
 .debug_info    0x00000000     0x1128 drivers/soc/allwinner/pm/standby/main.o
 .debug_info    0x00001128      0x55b drivers/soc/allwinner/pm/standby/common.o
 .debug_info    0x00001683      0x98b drivers/soc/allwinner/pm/standby/standby_twi.o
 .debug_info    0x0000200e      0x9d5 drivers/soc/allwinner/pm/standby/power/axp_power.o
 .debug_info    0x000029e3      0xb72 drivers/soc/allwinner/pm/standby/power/axp15_power.o
 .debug_info    0x00003555      0xb19 drivers/soc/allwinner/pm/standby/power/axp22_power.o
 .debug_info    0x0000406e      0xb08 drivers/soc/allwinner/pm/standby/power/axp20_power.o
 .debug_info    0x00004b76     0x10c3 drivers/soc/allwinner/pm/standby/power/standby_power.o
 .debug_info    0x00005c39     0x1b9f drivers/soc/allwinner/pm/standby/standby_clock.o
 .debug_info    0x000077d8      0x65a drivers/soc/allwinner/pm/standby/standby_debug.o
 .debug_info    0x00007e32       0x89 drivers/soc/allwinner/pm/standby/standby_divlib.o
 .debug_info    0x00007ebb      0x5c1 drivers/soc/allwinner/pm/standby/standby_dram.o
 .debug_info    0x0000847c       0x8e drivers/soc/allwinner/pm/standby/./../mem_mmu_pc_asm.o
 .debug_info    0x0000850a      0x566 drivers/soc/allwinner/pm/standby/./../mem_divlibc.o
 .debug_info    0x00008a70     0x19c3 drivers/soc/allwinner/pm/standby/./../mem_clk.o
 .debug_info    0x0000a433      0xb46 drivers/soc/allwinner/pm/standby/./../mem_timing.o
 .debug_info    0x0000af79     0x1bc9 drivers/soc/allwinner/pm/standby/./../mem_serial.o
 .debug_info    0x0000cb42      0xfda drivers/soc/allwinner/pm/standby/./../mem_printk.o
 .debug_info    0x0000db1c      0x50c drivers/soc/allwinner/pm/standby/./../pm_debug.o
 .debug_info    0x0000e028      0x968 drivers/soc/allwinner/pm/standby/dram/sun8iw11p1/mctl_standby-sun8iw11.o

.debug_abbrev   0x00000000     0x28b5
 .debug_abbrev  0x00000000      0x2f9 drivers/soc/allwinner/pm/standby/main.o
 .debug_abbrev  0x000002f9      0x13d drivers/soc/allwinner/pm/standby/common.o
 .debug_abbrev  0x00000436      0x1f9 drivers/soc/allwinner/pm/standby/standby_twi.o
 .debug_abbrev  0x0000062f      0x1fe drivers/soc/allwinner/pm/standby/power/axp_power.o
 .debug_abbrev  0x0000082d      0x24f drivers/soc/allwinner/pm/standby/power/axp15_power.o
 .debug_abbrev  0x00000a7c      0x1ec drivers/soc/allwinner/pm/standby/power/axp22_power.o
 .debug_abbrev  0x00000c68      0x240 drivers/soc/allwinner/pm/standby/power/axp20_power.o
 .debug_abbrev  0x00000ea8      0x2de drivers/soc/allwinner/pm/standby/power/standby_power.o
 .debug_abbrev  0x00001186      0x2bd drivers/soc/allwinner/pm/standby/standby_clock.o
 .debug_abbrev  0x00001443      0x187 drivers/soc/allwinner/pm/standby/standby_debug.o
 .debug_abbrev  0x000015ca       0x14 drivers/soc/allwinner/pm/standby/standby_divlib.o
 .debug_abbrev  0x000015de      0x158 drivers/soc/allwinner/pm/standby/standby_dram.o
 .debug_abbrev  0x00001736       0x14 drivers/soc/allwinner/pm/standby/./../mem_mmu_pc_asm.o
 .debug_abbrev  0x0000174a      0x145 drivers/soc/allwinner/pm/standby/./../mem_divlibc.o
 .debug_abbrev  0x0000188f      0x22c drivers/soc/allwinner/pm/standby/./../mem_clk.o
 .debug_abbrev  0x00001abb      0x2da drivers/soc/allwinner/pm/standby/./../mem_timing.o
 .debug_abbrev  0x00001d95      0x395 drivers/soc/allwinner/pm/standby/./../mem_serial.o
 .debug_abbrev  0x0000212a      0x354 drivers/soc/allwinner/pm/standby/./../mem_printk.o
 .debug_abbrev  0x0000247e      0x126 drivers/soc/allwinner/pm/standby/./../pm_debug.o
 .debug_abbrev  0x000025a4      0x311 drivers/soc/allwinner/pm/standby/dram/sun8iw11p1/mctl_standby-sun8iw11.o

.debug_loc      0x00000000     0x46cd
 .debug_loc     0x00000000      0x159 drivers/soc/allwinner/pm/standby/main.o
 .debug_loc     0x00000159      0x119 drivers/soc/allwinner/pm/standby/common.o
 .debug_loc     0x00000272      0x30f drivers/soc/allwinner/pm/standby/standby_twi.o
 .debug_loc     0x00000581      0x845 drivers/soc/allwinner/pm/standby/power/axp_power.o
 .debug_loc     0x00000dc6      0x2b2 drivers/soc/allwinner/pm/standby/power/axp15_power.o
 .debug_loc     0x00001078      0x2c1 drivers/soc/allwinner/pm/standby/power/axp22_power.o
 .debug_loc     0x00001339      0x295 drivers/soc/allwinner/pm/standby/power/axp20_power.o
 .debug_loc     0x000015ce      0x756 drivers/soc/allwinner/pm/standby/power/standby_power.o
 .debug_loc     0x00001d24      0x25b drivers/soc/allwinner/pm/standby/standby_clock.o
 .debug_loc     0x00001f7f      0x118 drivers/soc/allwinner/pm/standby/standby_debug.o
 .debug_loc     0x00002097       0xc6 drivers/soc/allwinner/pm/standby/standby_dram.o
 .debug_loc     0x0000215d       0xb2 drivers/soc/allwinner/pm/standby/./../mem_divlibc.o
 .debug_loc     0x0000220f      0x289 drivers/soc/allwinner/pm/standby/./../mem_clk.o
 .debug_loc     0x00002498      0x45f drivers/soc/allwinner/pm/standby/./../mem_timing.o
 .debug_loc     0x000028f7      0x474 drivers/soc/allwinner/pm/standby/./../mem_serial.o
 .debug_loc     0x00002d6b      0xb47 drivers/soc/allwinner/pm/standby/./../mem_printk.o
 .debug_loc     0x000038b2       0x20 drivers/soc/allwinner/pm/standby/./../pm_debug.o
 .debug_loc     0x000038d2      0xdfb drivers/soc/allwinner/pm/standby/dram/sun8iw11p1/mctl_standby-sun8iw11.o

.debug_aranges  0x00000000      0x288
 .debug_aranges
                0x00000000       0x20 drivers/soc/allwinner/pm/standby/main.o
 .debug_aranges
                0x00000020       0x20 drivers/soc/allwinner/pm/standby/common.o
 .debug_aranges
                0x00000040       0x20 drivers/soc/allwinner/pm/standby/standby_twi.o
 .debug_aranges
                0x00000060       0x20 drivers/soc/allwinner/pm/standby/power/axp_power.o
 .debug_aranges
                0x00000080       0x20 drivers/soc/allwinner/pm/standby/power/axp15_power.o
 .debug_aranges
                0x000000a0       0x20 drivers/soc/allwinner/pm/standby/power/axp22_power.o
 .debug_aranges
                0x000000c0       0x20 drivers/soc/allwinner/pm/standby/power/axp20_power.o
 .debug_aranges
                0x000000e0       0x20 drivers/soc/allwinner/pm/standby/power/standby_power.o
 .debug_aranges
                0x00000100       0x20 drivers/soc/allwinner/pm/standby/standby_clock.o
 .debug_aranges
                0x00000120       0x20 drivers/soc/allwinner/pm/standby/standby_debug.o
 .debug_aranges
                0x00000140       0x20 drivers/soc/allwinner/pm/standby/standby_divlib.o
 .debug_aranges
                0x00000160       0x20 drivers/soc/allwinner/pm/standby/standby_dram.o
 .debug_aranges
                0x00000180       0x20 drivers/soc/allwinner/pm/standby/./../mem_mmu_pc_asm.o
 .debug_aranges
                0x000001a0       0x20 drivers/soc/allwinner/pm/standby/./../mem_divlibc.o
 .debug_aranges
                0x000001c0       0x20 drivers/soc/allwinner/pm/standby/./../mem_clk.o
 .debug_aranges
                0x000001e0       0x20 drivers/soc/allwinner/pm/standby/./../mem_timing.o
 .debug_aranges
                0x00000200       0x20 drivers/soc/allwinner/pm/standby/./../mem_serial.o
 .debug_aranges
                0x00000220       0x28 drivers/soc/allwinner/pm/standby/./../mem_printk.o
 .debug_aranges
                0x00000248       0x20 drivers/soc/allwinner/pm/standby/./../pm_debug.o
 .debug_aranges
                0x00000268       0x20 drivers/soc/allwinner/pm/standby/dram/sun8iw11p1/mctl_standby-sun8iw11.o

.debug_ranges   0x00000000      0x610
 .debug_ranges  0x00000000       0x90 drivers/soc/allwinner/pm/standby/main.o
 .debug_ranges  0x00000090      0x120 drivers/soc/allwinner/pm/standby/power/axp_power.o
 .debug_ranges  0x000001b0       0x30 drivers/soc/allwinner/pm/standby/power/axp15_power.o
 .debug_ranges  0x000001e0       0x30 drivers/soc/allwinner/pm/standby/power/axp20_power.o
 .debug_ranges  0x00000210      0x140 drivers/soc/allwinner/pm/standby/power/standby_power.o
 .debug_ranges  0x00000350      0x198 drivers/soc/allwinner/pm/standby/./../mem_serial.o
 .debug_ranges  0x000004e8       0x18 drivers/soc/allwinner/pm/standby/./../mem_printk.o
 .debug_ranges  0x00000500      0x110 drivers/soc/allwinner/pm/standby/dram/sun8iw11p1/mctl_standby-sun8iw11.o

.debug_line     0x00000000     0x37dd
 .debug_line    0x00000000      0x3a0 drivers/soc/allwinner/pm/standby/main.o
 .debug_line    0x000003a0      0x1b1 drivers/soc/allwinner/pm/standby/common.o
 .debug_line    0x00000551      0x368 drivers/soc/allwinner/pm/standby/standby_twi.o
 .debug_line    0x000008b9      0x2b1 drivers/soc/allwinner/pm/standby/power/axp_power.o
 .debug_line    0x00000b6a      0x289 drivers/soc/allwinner/pm/standby/power/axp15_power.o
 .debug_line    0x00000df3      0x28c drivers/soc/allwinner/pm/standby/power/axp22_power.o
 .debug_line    0x0000107f      0x282 drivers/soc/allwinner/pm/standby/power/axp20_power.o
 .debug_line    0x00001301      0x418 drivers/soc/allwinner/pm/standby/power/standby_power.o
 .debug_line    0x00001719      0x3c4 drivers/soc/allwinner/pm/standby/standby_clock.o
 .debug_line    0x00001add      0x1d3 drivers/soc/allwinner/pm/standby/standby_debug.o
 .debug_line    0x00001cb0       0xb0 drivers/soc/allwinner/pm/standby/standby_divlib.o
 .debug_line    0x00001d60      0x1a6 drivers/soc/allwinner/pm/standby/standby_dram.o
 .debug_line    0x00001f06      0x1a2 drivers/soc/allwinner/pm/standby/./../mem_mmu_pc_asm.o
 .debug_line    0x000020a8      0x1bb drivers/soc/allwinner/pm/standby/./../mem_divlibc.o
 .debug_line    0x00002263      0x2db drivers/soc/allwinner/pm/standby/./../mem_clk.o
 .debug_line    0x0000253e      0x2a9 drivers/soc/allwinner/pm/standby/./../mem_timing.o
 .debug_line    0x000027e7      0x373 drivers/soc/allwinner/pm/standby/./../mem_serial.o
 .debug_line    0x00002b5a      0x549 drivers/soc/allwinner/pm/standby/./../mem_printk.o
 .debug_line    0x000030a3      0x1a6 drivers/soc/allwinner/pm/standby/./../pm_debug.o
 .debug_line    0x00003249      0x594 drivers/soc/allwinner/pm/standby/dram/sun8iw11p1/mctl_standby-sun8iw11.o

.debug_str      0x00000000     0x2ce8
 .debug_str     0x00000000      0xf64 drivers/soc/allwinner/pm/standby/main.o
                               0x108d (size before relaxing)
 .debug_str     0x00000f64       0x55 drivers/soc/allwinner/pm/standby/common.o
                                0x389 (size before relaxing)
 .debug_str     0x00000fb9      0x15d drivers/soc/allwinner/pm/standby/standby_twi.o
                                0x972 (size before relaxing)
 .debug_str     0x00001116      0x11d drivers/soc/allwinner/pm/standby/power/axp_power.o
                                0x4bd (size before relaxing)
 .debug_str     0x00001233      0x1df drivers/soc/allwinner/pm/standby/power/axp15_power.o
                                0xac6 (size before relaxing)
 .debug_str     0x00001412      0x20b drivers/soc/allwinner/pm/standby/power/axp22_power.o
                                0xb1d (size before relaxing)
 .debug_str     0x0000161d      0x145 drivers/soc/allwinner/pm/standby/power/axp20_power.o
                                0xa57 (size before relaxing)
 .debug_str     0x00001762      0x15a drivers/soc/allwinner/pm/standby/power/standby_power.o
                                0xe0f (size before relaxing)
 .debug_str     0x000018bc      0x965 drivers/soc/allwinner/pm/standby/standby_clock.o
                               0x1241 (size before relaxing)
 .debug_str     0x00002221       0xf9 drivers/soc/allwinner/pm/standby/standby_debug.o
                                0x42e (size before relaxing)
 .debug_str     0x0000231a       0x6b drivers/soc/allwinner/pm/standby/standby_dram.o
                                0x3dd (size before relaxing)
 .debug_str     0x00002385       0x6d drivers/soc/allwinner/pm/standby/./../mem_divlibc.o
                                0x3ae (size before relaxing)
 .debug_str     0x000023f2      0x146 drivers/soc/allwinner/pm/standby/./../mem_clk.o
                               0x10ba (size before relaxing)
 .debug_str     0x00002538      0x229 drivers/soc/allwinner/pm/standby/./../mem_timing.o
                                0xa1f (size before relaxing)
 .debug_str     0x00002761      0x1aa drivers/soc/allwinner/pm/standby/./../mem_serial.o
                               0x10ba (size before relaxing)
 .debug_str     0x0000290b      0x109 drivers/soc/allwinner/pm/standby/./../mem_printk.o
                                0x91e (size before relaxing)
 .debug_str     0x00002a14       0x48 drivers/soc/allwinner/pm/standby/./../pm_debug.o
                                0x37d (size before relaxing)
 .debug_str     0x00002a5c      0x28c drivers/soc/allwinner/pm/standby/dram/sun8iw11p1/mctl_standby-sun8iw11.o
                                0x460 (size before relaxing)

.comment        0x00000000       0x64
 .comment       0x00000000       0x64 drivers/soc/allwinner/pm/standby/main.o
                                 0x65 (size before relaxing)
 .comment       0x00000000       0x65 drivers/soc/allwinner/pm/standby/common.o
 .comment       0x00000000       0x65 drivers/soc/allwinner/pm/standby/standby_twi.o
 .comment       0x00000000       0x65 drivers/soc/allwinner/pm/standby/power/axp_power.o
 .comment       0x00000000       0x65 drivers/soc/allwinner/pm/standby/power/axp15_power.o
 .comment       0x00000000       0x65 drivers/soc/allwinner/pm/standby/power/axp22_power.o
 .comment       0x00000000       0x65 drivers/soc/allwinner/pm/standby/power/axp20_power.o
 .comment       0x00000000       0x65 drivers/soc/allwinner/pm/standby/power/standby_power.o
 .comment       0x00000000       0x65 drivers/soc/allwinner/pm/standby/standby_clock.o
 .comment       0x00000000       0x65 drivers/soc/allwinner/pm/standby/standby_debug.o
 .comment       0x00000000       0x65 drivers/soc/allwinner/pm/standby/standby_dram.o
 .comment       0x00000000       0x65 drivers/soc/allwinner/pm/standby/./../mem_divlibc.o
 .comment       0x00000000       0x65 drivers/soc/allwinner/pm/standby/./../mem_clk.o
 .comment       0x00000000       0x65 drivers/soc/allwinner/pm/standby/./../mem_timing.o
 .comment       0x00000000       0x65 drivers/soc/allwinner/pm/standby/./../mem_serial.o
 .comment       0x00000000       0x65 drivers/soc/allwinner/pm/standby/./../mem_printk.o
 .comment       0x00000000       0x65 drivers/soc/allwinner/pm/standby/./../pm_debug.o
 .comment       0x00000000       0x65 drivers/soc/allwinner/pm/standby/dram/sun8iw11p1/mctl_standby-sun8iw11.o

.note.GNU-stack
                0x00000000        0x0
 .note.GNU-stack
                0x00000000        0x0 drivers/soc/allwinner/pm/standby/main.o
 .note.GNU-stack
                0x00000000        0x0 drivers/soc/allwinner/pm/standby/common.o
 .note.GNU-stack
                0x00000000        0x0 drivers/soc/allwinner/pm/standby/standby_twi.o
 .note.GNU-stack
                0x00000000        0x0 drivers/soc/allwinner/pm/standby/power/axp_power.o
 .note.GNU-stack
                0x00000000        0x0 drivers/soc/allwinner/pm/standby/power/axp15_power.o
 .note.GNU-stack
                0x00000000        0x0 drivers/soc/allwinner/pm/standby/power/axp22_power.o
 .note.GNU-stack
                0x00000000        0x0 drivers/soc/allwinner/pm/standby/power/axp20_power.o
 .note.GNU-stack
                0x00000000        0x0 drivers/soc/allwinner/pm/standby/power/standby_power.o
 .note.GNU-stack
                0x00000000        0x0 drivers/soc/allwinner/pm/standby/standby_clock.o
 .note.GNU-stack
                0x00000000        0x0 drivers/soc/allwinner/pm/standby/standby_debug.o
 .note.GNU-stack
                0x00000000        0x0 drivers/soc/allwinner/pm/standby/standby_dram.o
 .note.GNU-stack
                0x00000000        0x0 drivers/soc/allwinner/pm/standby/./../mem_divlibc.o
 .note.GNU-stack
                0x00000000        0x0 drivers/soc/allwinner/pm/standby/./../mem_clk.o
 .note.GNU-stack
                0x00000000        0x0 drivers/soc/allwinner/pm/standby/./../mem_timing.o
 .note.GNU-stack
                0x00000000        0x0 drivers/soc/allwinner/pm/standby/./../mem_serial.o
 .note.GNU-stack
                0x00000000        0x0 drivers/soc/allwinner/pm/standby/./../mem_printk.o
 .note.GNU-stack
                0x00000000        0x0 drivers/soc/allwinner/pm/standby/./../pm_debug.o
 .note.GNU-stack
                0x00000000        0x0 drivers/soc/allwinner/pm/standby/dram/sun8iw11p1/mctl_standby-sun8iw11.o

.ARM.attributes
                0x00000000       0x31
 .ARM.attributes
                0x00000000       0x33 drivers/soc/allwinner/pm/standby/main.o
 .ARM.attributes
                0x00000033       0x33 drivers/soc/allwinner/pm/standby/common.o
 .ARM.attributes
                0x00000066       0x33 drivers/soc/allwinner/pm/standby/standby_twi.o
 .ARM.attributes
                0x00000099       0x33 drivers/soc/allwinner/pm/standby/power/axp_power.o
 .ARM.attributes
                0x000000cc       0x33 drivers/soc/allwinner/pm/standby/power/axp15_power.o
 .ARM.attributes
                0x000000ff       0x33 drivers/soc/allwinner/pm/standby/power/axp22_power.o
 .ARM.attributes
                0x00000132       0x33 drivers/soc/allwinner/pm/standby/power/axp20_power.o
 .ARM.attributes
                0x00000165       0x33 drivers/soc/allwinner/pm/standby/power/standby_power.o
 .ARM.attributes
                0x00000198       0x33 drivers/soc/allwinner/pm/standby/standby_clock.o
 .ARM.attributes
                0x000001cb       0x33 drivers/soc/allwinner/pm/standby/standby_debug.o
 .ARM.attributes
                0x000001fe       0x21 drivers/soc/allwinner/pm/standby/standby_divlib.o
 .ARM.attributes
                0x0000021f       0x33 drivers/soc/allwinner/pm/standby/standby_dram.o
 .ARM.attributes
                0x00000252       0x21 drivers/soc/allwinner/pm/standby/./../mem_mmu_pc_asm.o
 .ARM.attributes
                0x00000273       0x33 drivers/soc/allwinner/pm/standby/./../mem_divlibc.o
 .ARM.attributes
                0x000002a6       0x33 drivers/soc/allwinner/pm/standby/./../mem_clk.o
 .ARM.attributes
                0x000002d9       0x33 drivers/soc/allwinner/pm/standby/./../mem_timing.o
 .ARM.attributes
                0x0000030c       0x33 drivers/soc/allwinner/pm/standby/./../mem_serial.o
 .ARM.attributes
                0x0000033f       0x33 drivers/soc/allwinner/pm/standby/./../mem_printk.o
 .ARM.attributes
                0x00000372       0x33 drivers/soc/allwinner/pm/standby/./../pm_debug.o
 .ARM.attributes
                0x000003a5       0x33 drivers/soc/allwinner/pm/standby/dram/sun8iw11p1/mctl_standby-sun8iw11.o

.debug_frame    0x00000000      0xd38
 .debug_frame   0x00000000       0x2c drivers/soc/allwinner/pm/standby/main.o
 .debug_frame   0x0000002c       0x28 drivers/soc/allwinner/pm/standby/common.o
 .debug_frame   0x00000054       0x70 drivers/soc/allwinner/pm/standby/standby_twi.o
 .debug_frame   0x000000c4       0xc4 drivers/soc/allwinner/pm/standby/power/axp_power.o
 .debug_frame   0x00000188       0xa4 drivers/soc/allwinner/pm/standby/power/axp15_power.o
 .debug_frame   0x0000022c       0xa8 drivers/soc/allwinner/pm/standby/power/axp22_power.o
 .debug_frame   0x000002d4       0xa8 drivers/soc/allwinner/pm/standby/power/axp20_power.o
 .debug_frame   0x0000037c       0xb4 drivers/soc/allwinner/pm/standby/power/standby_power.o
 .debug_frame   0x00000430      0x190 drivers/soc/allwinner/pm/standby/standby_clock.o
 .debug_frame   0x000005c0       0xe0 drivers/soc/allwinner/pm/standby/standby_debug.o
 .debug_frame   0x000006a0       0x3c drivers/soc/allwinner/pm/standby/standby_dram.o
 .debug_frame   0x000006dc       0x30 drivers/soc/allwinner/pm/standby/./../mem_divlibc.o
 .debug_frame   0x0000070c       0xe4 drivers/soc/allwinner/pm/standby/./../mem_clk.o
 .debug_frame   0x000007f0       0xfc drivers/soc/allwinner/pm/standby/./../mem_timing.o
 .debug_frame   0x000008ec       0xf4 drivers/soc/allwinner/pm/standby/./../mem_serial.o
 .debug_frame   0x000009e0      0x150 drivers/soc/allwinner/pm/standby/./../mem_printk.o
 .debug_frame   0x00000b30       0x24 drivers/soc/allwinner/pm/standby/./../pm_debug.o
 .debug_frame   0x00000b54      0x1e4 drivers/soc/allwinner/pm/standby/dram/sun8iw11p1/mctl_standby-sun8iw11.o
